warning: `--no-sync` is a no-op for Python scripts with inline metadata, which always run in isolation
pool: 14 images x 2 layouts | mono model: 16 real scene palettes; viewer=bhw1_24_gp
image           pool   layout    collapse%   kept%    invert%   wrap%   bins   value collapse  luma collapse
------------------------------------------------------------------------------------------------------------
anstract3.png   color  mirror10  38.74       60.42    38.47     98.98   13.2   0.00            0.00
abstract2.png   color  mirror10  34.23       85.77    62.53     99.55   13.1   9.01            0.00
anstract3.png   color  mirror2   33.58       62.67    38.24     98.27   16.6   0.79            0.00
ball.png        color  mirror10  32.71       63.56    42.51     98.18   12.4   0.00            0.00
lattice.png     color  mirror10  32.65       98.77    33.86     99.59   15.8   3.54            0.00
ball.png        color  mirror2   29.84       88.30    46.29     98.30   18.7   0.00            0.00
ai2.png         color  mirror10  29.12       85.97    51.52     100.00  8.3    7.26            0.00
fingermesh.png  color  mirror10  28.68       81.76    27.50     81.88   8.3    0.10            0.00
fingermesh.png  color  mirror2   23.60       94.80    32.16     89.11   11.9   0.13            0.00
abstract2.png   color  mirror2   22.52       125.93   53.10     99.48   17.6   14.23           0.18
ai2.png         color  mirror2   18.53       106.90   58.14     99.68   14.3   6.96            0.00
lattice.png     color  mirror2   18.21       180.50   36.43     95.88   19.7   8.25            0.58
tech.png        color  mirror10  14.73       76.80    48.84     4.15    11.2   0.00            0.00
tech.png        color  mirror2   14.50       89.42    48.41     8.79    16.0   0.00            0.00
latticebw.png   mono   mirror2   11.63       203.10   64.96     100.00  9.6    12.97           9.99
latticebw.png   mono   mirror10  11.05       209.58   67.93     100.00  8.6    12.54           7.93
ai1.png         color  mirror10  10.33       164.15   44.43     88.94   17.0   0.54            0.47
ai1.png         color  mirror2   10.05       188.66   42.66     71.80   18.8   0.90            0.61
crystal.png     mono   mirror10  9.61        292.90   42.38     100.00  8.5    9.02            16.86
chuck.png       color  mirror10  9.53        167.34   29.92     63.11   19.2   4.41            2.14
chuck.png       color  mirror2   8.45        171.51   29.15     46.78   17.6   3.22            1.45
crystal.png     mono   mirror2   8.37        301.83   46.47     100.00  11.2   9.63            7.10
smiley.png      color  mirror2   1.91        157.24   23.22     97.73   20.0   9.01            0.02
smiley.png      color  mirror10  1.04        160.74   22.69     98.04   18.4   7.86            0.00
slash.png       color  mirror2   0.74        137.44   15.56     96.59   19.9   2.11            2.67
slash.png       color  mirror10  0.52        144.78   17.19     97.77   18.8   1.27            2.36
abstract1.png   color  mirror2   0.00        133.70   0.00      100.00  15.0   0.00            0.00
abstract1.png   color  mirror10  0.00        130.76   0.00      100.00  13.2   0.00            0.00

mechanism controls:
  mean collapsed boundaries: exact 16.25% | HSV value 4.42% | Rec.709 luminance 1.87%
  shading share vs exact loss: Pearson +0.594, rank +0.618
  hard-change share vs exact loss: Pearson -0.594, rank -0.618

candidate pool edits (reported at >=5 percentage-point collapse reduction):
  abstract2.png    add ±11% soft texture shading     28.38% ->  14.49% (+13.88 points); adds new texture structure not present in the source
  ai2.png          global hue +60°                   23.83% ->   4.53% (+19.30 points); changes the image's normal color identity
  anstract3.png    global saturation ×0.5            36.16% ->  12.11% (+24.05 points); flattens the image's normal color saturation
  ball.png         global saturation ×0.5            31.27% ->  16.48% (+14.79 points); flattens the image's normal color saturation
  fingermesh.png   global saturation ×0.5            26.14% ->  13.80% (+12.34 points); flattens the image's normal color saturation
  lattice.png      2–98% value autocontrast          25.43% ->   7.79% (+17.63 points); re-authors the image's full tonal range
mono palette sensitivity crystal.png: exact collapse 0.00..42.06% (median 7.40%)
mono palette sensitivity latticebw.png: exact collapse 0.00..49.65% (median 6.63%)

wrote /Users/hunter/Projects/penroseart/prototype/kscope-pace/out/fill_scorecard.json
